../Core/Src/main.c:257:5:main	40	static
../Core/Src/main.c:554:6:SystemClock_Config	88	static
../Core/Src/main.c:601:13:MX_ADC1_Init	24	static
../Core/Src/main.c:653:13:MX_I2C1_Init	8	static
../Core/Src/main.c:687:13:MX_SPI1_Init	8	static
../Core/Src/main.c:725:13:MX_TIM2_Init	32	static
../Core/Src/main.c:770:13:MX_TIM3_Init	32	static
../Core/Src/main.c:815:13:MX_TIM4_Init	32	static
../Core/Src/main.c:860:13:MX_UART4_Init	8	static
../Core/Src/main.c:893:13:MX_USART2_UART_Init	8	static
../Core/Src/main.c:926:13:MX_USART3_UART_Init	8	static
../Core/Src/main.c:959:13:MX_USART6_UART_Init	8	static
../Core/Src/main.c:990:13:MX_DMA_Init	16	static
../Core/Src/main.c:1008:13:MX_GPIO_Init	48	static
../Core/Src/main.c:1057:6:HAL_TIM_PeriodElapsedCallback	16	static
../Core/Src/main.c:1089:6:HAL_UART_RxCpltCallback	16	static
../Core/Src/main.c:1145:6:HAL_ADC_ConvCpltCallback	16	static
../Core/Src/main.c:1156:6:correct_packet	56	dynamic
../Core/Src/main.c:1182:8:E220_write_register	24	static
../Core/Src/main.c:1203:8:E220_read_register	24	static
../Core/Src/main.c:1222:6:NEXTION_SendString	72	static
../Core/Src/main.c:1231:6:NEXTION_SendNum	24	static
../Core/Src/main.c:1241:6:NEXTION_SendFloat	48	static
../Core/Src/main.c:1258:6:Nextion_SendCommand	24	static
../Core/Src/main.c:1265:6:Nextion_SendFloatToTextbox	96	static
../Core/Src/main.c:1281:6:Booster_union_converter	24	static
../Core/Src/main.c:1364:6:Sustainer_union_converter	64	static
../Core/Src/main.c:1452:6:Payload_union_converter	24	static
../Core/Src/main.c:1540:6:Error_Handler	4	static,ignoring_inline_asm
