../Core/Src/main.c:275:5:main	64	static
../Core/Src/main.c:592:6:SystemClock_Config	88	static
../Core/Src/main.c:639:13:MX_ADC1_Init	24	static
../Core/Src/main.c:691:13:MX_I2C1_Init	8	static
../Core/Src/main.c:725:13:MX_SPI1_Init	8	static
../Core/Src/main.c:763:13:MX_TIM2_Init	32	static
../Core/Src/main.c:808:13:MX_TIM3_Init	32	static
../Core/Src/main.c:853:13:MX_TIM4_Init	32	static
../Core/Src/main.c:898:13:MX_UART4_Init	8	static
../Core/Src/main.c:931:13:MX_USART2_UART_Init	8	static
../Core/Src/main.c:964:13:MX_USART3_UART_Init	8	static
../Core/Src/main.c:997:13:MX_USART6_UART_Init	8	static
../Core/Src/main.c:1028:13:MX_DMA_Init	16	static
../Core/Src/main.c:1046:13:MX_GPIO_Init	48	static
../Core/Src/main.c:1095:6:HAL_TIM_PeriodElapsedCallback	16	static
../Core/Src/main.c:1130:6:HAL_UART_RxCpltCallback	16	static
../Core/Src/main.c:1186:6:HAL_ADC_ConvCpltCallback	16	static
../Core/Src/main.c:1197:6:correct_packet	56	dynamic
../Core/Src/main.c:1223:8:E220_write_register	24	static
../Core/Src/main.c:1244:8:E220_read_register	24	static
../Core/Src/main.c:1263:6:NEXTION_SendString	72	static
../Core/Src/main.c:1272:6:NEXTION_SendNum	24	static
../Core/Src/main.c:1282:6:NEXTION_SendFloat	48	static
../Core/Src/main.c:1299:6:Nextion_SendCommand	24	static
../Core/Src/main.c:1306:6:Nextion_SendFloatToTextbox	96	static
../Core/Src/main.c:1320:6:HYI_BUFFER_Fill	48	static
../Core/Src/main.c:1397:6:Booster_union_converter	24	static
../Core/Src/main.c:1480:6:Sustainer_union_converter	64	static
../Core/Src/main.c:1568:6:Payload_union_converter	24	static
../Core/Src/main.c:1650:8:distance_in_m	136	static
../Core/Src/main.c:1668:8:toRadians	16	static
../Core/Src/main.c:1672:8:calculateAngle	112	static
../Core/Src/main.c:1690:6:Error_Handler	4	static,ignoring_inline_asm
