../Core/Src/main.c:249:5:main	40	static
../Core/Src/main.c:532:6:SystemClock_Config	88	static
../Core/Src/main.c:579:13:MX_ADC1_Init	24	static
../Core/Src/main.c:631:13:MX_I2C1_Init	8	static
../Core/Src/main.c:665:13:MX_SPI1_Init	8	static
../Core/Src/main.c:703:13:MX_TIM2_Init	32	static
../Core/Src/main.c:748:13:MX_TIM3_Init	32	static
../Core/Src/main.c:793:13:MX_TIM4_Init	32	static
../Core/Src/main.c:838:13:MX_UART4_Init	8	static
../Core/Src/main.c:871:13:MX_USART2_UART_Init	8	static
../Core/Src/main.c:904:13:MX_USART3_UART_Init	8	static
../Core/Src/main.c:937:13:MX_USART6_UART_Init	8	static
../Core/Src/main.c:968:13:MX_DMA_Init	16	static
../Core/Src/main.c:986:13:MX_GPIO_Init	48	static
../Core/Src/main.c:1035:6:HAL_TIM_PeriodElapsedCallback	16	static
../Core/Src/main.c:1067:6:HAL_UART_RxCpltCallback	16	static
../Core/Src/main.c:1098:6:HAL_ADC_ConvCpltCallback	16	static
../Core/Src/main.c:1107:8:E220_write_register	24	static
../Core/Src/main.c:1128:8:E220_read_register	24	static
../Core/Src/main.c:1147:6:NEXTION_SendString	72	static
../Core/Src/main.c:1156:6:NEXTION_SendNum	24	static
../Core/Src/main.c:1166:6:NEXTION_SendFloat	48	static
../Core/Src/main.c:1183:6:Nextion_SendCommand	24	static
../Core/Src/main.c:1190:6:Nextion_SendFloatToTextbox	96	static
../Core/Src/main.c:1206:6:Booster_union_converter	24	static
../Core/Src/main.c:1289:6:Sustainer_union_converter	64	static
../Core/Src/main.c:1377:6:Payload_union_converter	24	static
../Core/Src/main.c:1465:6:Error_Handler	4	static,ignoring_inline_asm
